---
source: test_support/src/lib.rs
---
# Heroku Node.js Engine

- Checking Node.js version
  - Detected Node.js version range: `>=20.0.0 <21.0.0-0`
  - Resolved Node.js version: `20.19.0`
- Installing Node.js distribution
  - Downloading Node.js `20.19.0 (<arch>)` from https://nodejs.org/download/release/v20.19.0/node-v20.19.0-<arch>.tar.gz ... (<time_elapsed>)
  - Verifying checksum
  - Extracting Node.js `20.19.0 (<arch>)`
  - Installing Node.js `20.19.0 (<arch>)` ... (<time_elapsed>)
- Done (finished in <time_elapsed>)

# Heroku Node.js Corepack

- Using Corepack version `0.31.0`
- Found `packageManager` set to `pnpm@9.1.1+sha256.9551e803dcb7a1839fdf5416153a844060c7bce013218ce823410532504ac10b` in `package.json`
- Enabling Corepack
  - Creating Corepack shims
  - Executing `corepack enable --install-directory /layers/heroku_nodejs-corepack/shim/bin pnpm`
- Installing `pnpm@9.1.1+sha256.9551e803dcb7a1839fdf5416153a844060c7bce013218ce823410532504ac10b`
  - Creating Corepack package manager
  - Running `corepack prepare`

      Preparing pnpm@9.1.1+sha256.9551e803dcb7a1839fdf5416153a844060c7bce013218ce823410532504ac10b...

  - Done (<time_elapsed>)
- Done (finished in <time_elapsed>)

# Heroku Node.js pnpm Install

- Setting up pnpm dependency store
  - Creating new pnpm content-addressable store
  - Creating pnpm virtual store
- Installing dependencies
  - Running `pnpm install --frozen-lockfile`

      Lockfile is up to date, resolution step is skipped
      Packages: +2
      ++
      .../node_modules/dtrace-provider install$ node-gyp rebuild || node suppress-error.js
      .../node_modules/dtrace-provider install: gyp info it worked if it ends with ok
      .../node_modules/dtrace-provider install: gyp info using node-gyp@10.1.0
      .../node_modules/dtrace-provider install: gyp info using node@20.19.0 | linux | x64
      .../node_modules/dtrace-provider install: gyp info find Python using Python version 3.12.3 found at "/usr/bin/python3"
      .../node_modules/dtrace-provider install: gyp http GET https://nodejs.org/download/release/v20.19.0/node-v20.19.0-headers.tar.gz
      .../node_modules/dtrace-provider install: gyp http 200 https://nodejs.org/download/release/v20.19.0/node-v20.19.0-headers.tar.gz
      .../node_modules/dtrace-provider install: gyp http GET https://nodejs.org/download/release/v20.19.0/SHASUMS256.txt
      .../node_modules/dtrace-provider install: gyp http 200 https://nodejs.org/download/release/v20.19.0/SHASUMS256.txt
      .../node_modules/dtrace-provider install: gyp info spawn /usr/bin/python3
      .../node_modules/dtrace-provider install: gyp info spawn args [
      .../node_modules/dtrace-provider install: gyp info spawn args '/layers/heroku_nodejs-corepack/mgr/cache/v1/pnpm/9.1.1/dist/node_modules/node-gyp/gyp/gyp_main.py',
      .../node_modules/dtrace-provider install: gyp info spawn args 'binding.gyp',
      .../node_modules/dtrace-provider install: gyp info spawn args '-f',
      .../node_modules/dtrace-provider install: gyp info spawn args 'make',
      .../node_modules/dtrace-provider install: gyp info spawn args '-I',
      .../node_modules/dtrace-provider install: gyp info spawn args '/layers/heroku_nodejs-pnpm-install/virtual/store/dtrace-provider@0.8.8/node_modules/dtrace-provider/build/config.gypi',
      .../node_modules/dtrace-provider install: gyp info spawn args '-I',
      .../node_modules/dtrace-provider install: gyp info spawn args '/layers/heroku_nodejs-corepack/mgr/cache/v1/pnpm/9.1.1/dist/node_modules/node-gyp/addon.gypi',
      .../node_modules/dtrace-provider install: gyp info spawn args '-I',
      .../node_modules/dtrace-provider install: gyp info spawn args '/home/heroku/.cache/node-gyp/20.19.0/include/node/common.gypi',
      .../node_modules/dtrace-provider install: gyp info spawn args '-Dlibrary=shared_library',
      .../node_modules/dtrace-provider install: gyp info spawn args '-Dvisibility=default',
      .../node_modules/dtrace-provider install: gyp info spawn args '-Dnode_root_dir=/home/heroku/.cache/node-gyp/20.19.0',
      .../node_modules/dtrace-provider install: gyp info spawn args '-Dnode_gyp_dir=/layers/heroku_nodejs-corepack/mgr/cache/v1/pnpm/9.1.1/dist/node_modules/node-gyp',
      .../node_modules/dtrace-provider install: gyp info spawn args '-Dnode_lib_file=/home/heroku/.cache/node-gyp/20.19.0/<(target_arch)/node.lib',
      .../node_modules/dtrace-provider install: gyp info spawn args '-Dmodule_root_dir=/layers/heroku_nodejs-pnpm-install/virtual/store/dtrace-provider@0.8.8/node_modules/dtrace-provider',
      .../node_modules/dtrace-provider install: gyp info spawn args '-Dnode_engine=v8',
      .../node_modules/dtrace-provider install: gyp info spawn args '--depth=.',
      .../node_modules/dtrace-provider install: gyp info spawn args '--no-parallel',
      .../node_modules/dtrace-provider install: gyp info spawn args '--generator-output',
      .../node_modules/dtrace-provider install: gyp info spawn args 'build',
      .../node_modules/dtrace-provider install: gyp info spawn args '-Goutput_dir=.'
      .../node_modules/dtrace-provider install: gyp info spawn args ]
      .../node_modules/dtrace-provider install: gyp info spawn make
      .../node_modules/dtrace-provider install: gyp info spawn args [ 'BUILDTYPE=Release', '-C', 'build' ]
      .../node_modules/dtrace-provider install: make: Entering directory '/layers/heroku_nodejs-pnpm-install/virtual/store/dtrace-provider@0.8.8/node_modules/dtrace-provider/build'
      .../node_modules/dtrace-provider install:   TOUCH Release/obj.target/DTraceProviderStub.stamp
      .../node_modules/dtrace-provider install: make: Leaving directory '/layers/heroku_nodejs-pnpm-install/virtual/store/dtrace-provider@0.8.8/node_modules/dtrace-provider/build'
      .../node_modules/dtrace-provider install: gyp info ok 
      .../node_modules/dtrace-provider install: Done

      dependencies:
      + dtrace-provider 0.8.8

      Done in <time_elapsed>

  - Done (<time_elapsed>)
- Pruning unused dependencies from pnpm content-addressable store
  - Running `pnpm store prune`

      Removed all cached metadata files
      Removed 35 files
      Removed 1 package

  - Done (<time_elapsed>)
- Running scripts
  - No build scripts found
- Done (finished in <time_elapsed>)

--------------------------------------------- REBUILD ---------------------------------------------

# Heroku Node.js Engine

- Checking Node.js version
  - Detected Node.js version range: `>=20.0.0 <21.0.0-0`
  - Resolved Node.js version: `20.19.0`
- Installing Node.js distribution
  - Reusing Node.js 20.19.0 (<arch>)
- Done (finished in <time_elapsed>)

# Heroku Node.js Corepack

- Using Corepack version `0.31.0`
- Found `packageManager` set to `pnpm@9.1.1+sha256.9551e803dcb7a1839fdf5416153a844060c7bce013218ce823410532504ac10b` in `package.json`
- Enabling Corepack
  - Restoring Corepack shims
  - Executing `corepack enable --install-directory /layers/heroku_nodejs-corepack/shim/bin pnpm`
- Installing `pnpm@9.1.1+sha256.9551e803dcb7a1839fdf5416153a844060c7bce013218ce823410532504ac10b`
  - Restoring Corepack package manager
  - Running `corepack prepare`

      Preparing pnpm@9.1.1+sha256.9551e803dcb7a1839fdf5416153a844060c7bce013218ce823410532504ac10b...

  - Done (<time_elapsed>)
- Done (finished in <time_elapsed>)

# Heroku Node.js pnpm Install

- Setting up pnpm dependency store
  - Restoring pnpm content-addressable store from cache
  - Creating pnpm virtual store
- Installing dependencies
  - Running `pnpm install --frozen-lockfile`

      Lockfile is up to date, resolution step is skipped
      Packages: +2
      ++
      .../node_modules/dtrace-provider install$ node-gyp rebuild || node suppress-error.js
      .../node_modules/dtrace-provider install: gyp info it worked if it ends with ok
      .../node_modules/dtrace-provider install: gyp info using node-gyp@10.1.0
      .../node_modules/dtrace-provider install: gyp info using node@20.19.0 | linux | x64
      .../node_modules/dtrace-provider install: gyp info find Python using Python version 3.12.3 found at "/usr/bin/python3"
      .../node_modules/dtrace-provider install: gyp http GET https://nodejs.org/download/release/v20.19.0/node-v20.19.0-headers.tar.gz
      .../node_modules/dtrace-provider install: gyp http 200 https://nodejs.org/download/release/v20.19.0/node-v20.19.0-headers.tar.gz
      .../node_modules/dtrace-provider install: gyp http GET https://nodejs.org/download/release/v20.19.0/SHASUMS256.txt
      .../node_modules/dtrace-provider install: gyp http 200 https://nodejs.org/download/release/v20.19.0/SHASUMS256.txt
      .../node_modules/dtrace-provider install: gyp info spawn /usr/bin/python3
      .../node_modules/dtrace-provider install: gyp info spawn args [
      .../node_modules/dtrace-provider install: gyp info spawn args '/layers/heroku_nodejs-corepack/mgr/cache/v1/pnpm/9.1.1/dist/node_modules/node-gyp/gyp/gyp_main.py',
      .../node_modules/dtrace-provider install: gyp info spawn args 'binding.gyp',
      .../node_modules/dtrace-provider install: gyp info spawn args '-f',
      .../node_modules/dtrace-provider install: gyp info spawn args 'make',
      .../node_modules/dtrace-provider install: gyp info spawn args '-I',
      .../node_modules/dtrace-provider install: gyp info spawn args '/layers/heroku_nodejs-pnpm-install/virtual/store/dtrace-provider@0.8.8/node_modules/dtrace-provider/build/config.gypi',
      .../node_modules/dtrace-provider install: gyp info spawn args '-I',
      .../node_modules/dtrace-provider install: gyp info spawn args '/layers/heroku_nodejs-corepack/mgr/cache/v1/pnpm/9.1.1/dist/node_modules/node-gyp/addon.gypi',
      .../node_modules/dtrace-provider install: gyp info spawn args '-I',
      .../node_modules/dtrace-provider install: gyp info spawn args '/home/heroku/.cache/node-gyp/20.19.0/include/node/common.gypi',
      .../node_modules/dtrace-provider install: gyp info spawn args '-Dlibrary=shared_library',
      .../node_modules/dtrace-provider install: gyp info spawn args '-Dvisibility=default',
      .../node_modules/dtrace-provider install: gyp info spawn args '-Dnode_root_dir=/home/heroku/.cache/node-gyp/20.19.0',
      .../node_modules/dtrace-provider install: gyp info spawn args '-Dnode_gyp_dir=/layers/heroku_nodejs-corepack/mgr/cache/v1/pnpm/9.1.1/dist/node_modules/node-gyp',
      .../node_modules/dtrace-provider install: gyp info spawn args '-Dnode_lib_file=/home/heroku/.cache/node-gyp/20.19.0/<(target_arch)/node.lib',
      .../node_modules/dtrace-provider install: gyp info spawn args '-Dmodule_root_dir=/layers/heroku_nodejs-pnpm-install/virtual/store/dtrace-provider@0.8.8/node_modules/dtrace-provider',
      .../node_modules/dtrace-provider install: gyp info spawn args '-Dnode_engine=v8',
      .../node_modules/dtrace-provider install: gyp info spawn args '--depth=.',
      .../node_modules/dtrace-provider install: gyp info spawn args '--no-parallel',
      .../node_modules/dtrace-provider install: gyp info spawn args '--generator-output',
      .../node_modules/dtrace-provider install: gyp info spawn args 'build',
      .../node_modules/dtrace-provider install: gyp info spawn args '-Goutput_dir=.'
      .../node_modules/dtrace-provider install: gyp info spawn args ]
      .../node_modules/dtrace-provider install: gyp info spawn make
      .../node_modules/dtrace-provider install: gyp info spawn args [ 'BUILDTYPE=Release', '-C', 'build' ]
      .../node_modules/dtrace-provider install: make: Entering directory '/layers/heroku_nodejs-pnpm-install/virtual/store/dtrace-provider@0.8.8/node_modules/dtrace-provider/build'
      .../node_modules/dtrace-provider install:   TOUCH Release/obj.target/DTraceProviderStub.stamp
      .../node_modules/dtrace-provider install: make: Leaving directory '/layers/heroku_nodejs-pnpm-install/virtual/store/dtrace-provider@0.8.8/node_modules/dtrace-provider/build'
      .../node_modules/dtrace-provider install: gyp info ok 
      .../node_modules/dtrace-provider install: Done

      dependencies:
      + dtrace-provider 0.8.8

      Done in <time_elapsed>

  - Done (<time_elapsed>)
- Running scripts
  - No build scripts found
- Done (finished in <time_elapsed>)
