---
source: common/nodejs-utils/src/config.rs
---
! Error parsing project.toml with invalid key
!
! This buildpack reads the configuration from `project.toml` to complete the build but the configuration for the key `[com.heroku.buildpacks.nodejs.actions]` isn't the correct type. The value of this key must be a TOML table.
!
! Suggestions:
! - See the TOML documentation for more details on the TOML table type at https://toml.io/en/v1.0.0
!
! Use the debug information above to troubleshoot and retry your build.
