---
source: buildpacks/nodejs-yarn/src/errors.rs
---
- Debug Info:
  - Disk full

! Failed to install the downloaded Yarn package
!
! An unexpected error occurred while installing the downloaded Yarn package.
!
! Use the debug information above to troubleshoot and retry your build.
!
! If the issue persists and you think you found a bug in the buildpack, reproduce the issue locally with a minimal example. Open an issue in the buildpack's GitHub repository and include the details here:
! https://github.com/heroku/buildpacks-nodejs/issues
