---
source: test_support/src/lib.rs
---
## Heroku Node.js Engine

- Checking Node.js version
  - Detected Node.js version range: `>=20.0.0 <21.0.0-0`
  - Resolved Node.js version: `20.19.3`
- Installing Node.js distribution
  - GET https://nodejs.org/download/release/v20.19.3/node-v20.19.3-<arch>.tar.gz ... (OK)
  - Downloading ... (<time_elapsed>)
  - Verifying checksum
  - Extracting Node.js `20.19.3 (<arch>)`
  - Installing Node.js `20.19.3 (<arch>)` ... (<time_elapsed>)
- Done (finished in <time_elapsed>)

## Heroku Node.js npm Install

- Installing node modules
  - Using npm version `10.8.2`
  - Creating npm cache
  - Configuring npm cache directory
  - Running `npm ci`


      > dtrace-provider@0.8.8 install
      > node-gyp rebuild || node suppress-error.js

      <NODE-GYP BUILD OUTPUT> 

      added <NUMBER> packages, and audited <NUMBER> packages in <time_elapsed>

      found 0 vulnerabilities

  - Done (<time_elapsed>)
- Running scripts
  - No build scripts found
- Pruning dev dependencies
  - Running `npm prune`


      up to date, audited <N> packages in <time_elapsed>

      found 0 vulnerabilities

  - Done (<time_elapsed>)
- Configuring default processes
  - Skipping default web process (no start script defined)
- Done (finished in <time_elapsed>)

--------------------------------------------- REBUILD ---------------------------------------------

## Heroku Node.js Engine

- Checking Node.js version
  - Detected Node.js version range: `>=20.0.0 <21.0.0-0`
  - Resolved Node.js version: `20.19.3`
- Installing Node.js distribution
  - Reusing Node.js 20.19.3 (<arch>)
- Done (finished in <time_elapsed>)

## Heroku Node.js npm Install

- Installing node modules
  - Using npm version `10.8.2`
  - Restoring npm cache
  - Configuring npm cache directory
  - Running `npm ci`


      > dtrace-provider@0.8.8 install
      > node-gyp rebuild || node suppress-error.js

      <NODE-GYP BUILD OUTPUT> 

      added <NUMBER> packages, and audited <NUMBER> packages in <time_elapsed>

      found 0 vulnerabilities

  - Done (<time_elapsed>)
- Running scripts
  - No build scripts found
- Pruning dev dependencies
  - Running `npm prune`


      up to date, audited <N> packages in <time_elapsed>

      found 0 vulnerabilities

  - Done (<time_elapsed>)
- Configuring default processes
  - Skipping default web process (no start script defined)
- Done (finished in <time_elapsed>)
