---
source: test_support/src/lib.rs
---
## Heroku Node.js Engine

- Checking Node.js version
  - Detected Node.js version range: `>=22.0.0 <23.0.0-0`
  - Resolved Node.js version: `22.18.0`
- Installing Node.js distribution
  - GET https://nodejs.org/download/release/v22.18.0/node-v22.18.0-<arch>.tar.gz ... (OK)
  - Downloading ... (<time_elapsed>)
  - Verifying checksum
  - Extracting Node.js `22.18.0 (<arch>)`
  - Installing Node.js `22.18.0 (<arch>)` ... (<time_elapsed>)
- Done (finished in <time_elapsed>)

## Heroku Node.js npm Install

- Installing node modules
  - Using npm version `10.9.3`
  - Creating npm cache
  - Configuring npm cache directory
  - Running `npm ci`


      added <NUMBER> packages, and audited <NUMBER> packages in <time_elapsed>

      found 0 vulnerabilities

  - Done (<time_elapsed>)
- Running scripts
  - Running `npm run heroku-prebuild`


      > npm-project@1.0.0 heroku-prebuild
      > echo 'executed heroku-prebuild'

      executed heroku-prebuild

  - Done (<time_elapsed>)
  - Running `npm run build`


      > npm-project@1.0.0 build
      > echo 'executed build'

      executed build

  - Done (<time_elapsed>)
  - Running `npm run heroku-postbuild`


      > npm-project@1.0.0 heroku-postbuild
      > echo 'executed heroku-postbuild'

      executed heroku-postbuild

  - Done (<time_elapsed>)
- Pruning dev dependencies
  - Running `npm prune`


      up to date, audited <N> packages in <time_elapsed>

      found 0 vulnerabilities

  - Done (<time_elapsed>)
- Configuring default processes
  - Skipping default web process (no start script defined)
- Done (finished in <time_elapsed>)
