---
source: buildpacks/nodejs-engine/src/errors.rs
---
! Could not determine tarball extraction directory
!
! An unexpected error occurred while trying to determine the name of the tarball extraction directory from https://nodejs.org/download/release/v23.6.0/node-v23.6.0-linux-arm64.tar.gz.
!
! The causes for this error are unknown. We do not have suggestions for diagnosis or a workaround at this time. You can help our understanding by sharing your buildpack log and a description of the issue at:
! https://github.com/heroku/buildpacks-nodejs/issues
!
! If you're able to reproduce the problem with an example application and the `pack` build tool (https://buildpacks.io/docs/for-platform-operators/how-to/integrate-ci/pack/), adding that information to the discussion will also help. Once we have more information around the causes of this error we may update this message.
