---
source: test_support/src/lib.rs
---
## Heroku Node.js Engine

- Checking Node.js version
  - Detected Node.js version range: `>=24.0.0 <25.0.0-0`
  - Resolved Node.js version: `24.2.0`
- Installing Node.js distribution
  - GET https://nodejs.org/download/release/v24.2.0/node-v24.2.0-<arch>.tar.gz ... (OK)
  - Downloading ... (<time_elapsed>)
  - Verifying checksum
  - Extracting Node.js `24.2.0 (<arch>)`
  - Installing Node.js `24.2.0 (<arch>)` ... (<time_elapsed>)
- Done (finished in <time_elapsed>)
