---
source: test_support/src/lib.rs
---
## Heroku Node.js Engine

- Checking Node.js version
  - Detected Node.js version range: `>=14.0.0 <15.0.0-0`
  - Resolved Node.js version: `14.21.3`
- Installing Node.js distribution
  - GET https://nodejs.org/download/release/v14.21.3/node-v14.21.3-<arch>.tar.gz ... (<time_elapsed>)
  - Downloading ... (<time_elapsed>)
  - Verifying checksum
  - Extracting Node.js `14.21.3 (<arch>)`
  - Installing Node.js `14.21.3 (<arch>)` ... (<time_elapsed>)
- Done (finished in <time_elapsed>)

--------------------------------------------- REBUILD ---------------------------------------------

## Heroku Node.js Engine

- Checking Node.js version
  - Detected Node.js version range: `>=16.0.0 <17.0.0-0`
  - Resolved Node.js version: `16.20.2`
- Installing Node.js distribution
  - GET https://nodejs.org/download/release/v16.20.2/node-v16.20.2-<arch>.tar.gz ... (<time_elapsed>)
  - Downloading ... (<time_elapsed>)
  - Verifying checksum
  - Extracting Node.js `16.20.2 (<arch>)`
  - Installing Node.js `16.20.2 (<arch>)` ... (<time_elapsed>)
- Done (finished in <time_elapsed>)
