---
source: test_support/src/lib.rs
---
## Heroku Node.js Engine

- Checking Node.js version
  - Node.js version not specified, using `22.x`
  - Resolved Node.js version: `22.15.1`
- Installing Node.js distribution
  - Downloading Node.js `22.15.1 (<arch>)` from https://nodejs.org/download/release/v22.15.1/node-v22.15.1-<arch>.tar.gz ... (<time_elapsed>)
  - Verifying checksum
  - Extracting Node.js `22.15.1 (<arch>)`
  - Installing Node.js `22.15.1 (<arch>)` ... (<time_elapsed>)
- Done (finished in <time_elapsed>)
