---
source: crates/test_support/src/lib.rs
---
## Heroku Node.js

- Checking Node.js version
  - Detected Node.js version range: `>=18.0.0 <19.0.0-0`
  - Resolved Node.js version: `18.20.8`
- Installing Node.js distribution
  - Downloading Node.js `18.20.8 (<arch>)` from https://nodejs.org/download/release/v18.20.8/node-v18.20.8-<arch>.tar.gz ... (<time_elapsed>)
  - Verifying checksum
  - Extracting Node.js `18.20.8 (<arch>)`
  - Installing Node.js `18.20.8 (<arch>)` ... (<time_elapsed>)
- Using Corepack version `0.32.0`
- Found `packageManager` set to `pnpm@7.32.3` in `package.json`
- Enabling Corepack
  - Creating Corepack shims
  - Executing `corepack enable --install-directory /layers/heroku_nodejs/shim/bin pnpm`
- Installing `pnpm@7.32.3`
  - Creating Corepack package manager
  - Running `corepack prepare`

      Preparing pnpm@7.32.3...

  - Done (<time_elapsed>)
- Setting up pnpm dependency store
  - Creating new pnpm content-addressable store
  - Creating pnpm virtual store
- Installing dependencies
  - Running `pnpm install --frozen-lockfile`

      Lockfile is up to date, resolution step is skipped
      Packages: +60
      ++++++++++++++++++++++++++++++++++++++++++++++++++++++++++++
      Packages are hard linked from the content-addressable store to the virtual store.
        Content-addressable store is at: /layers/heroku_nodejs/addressable/v3
        Virtual store is at:             ../layers/heroku_nodejs/virtual/store

      Done in <time_elapsed>

  - Done (<time_elapsed>)
- Pruning unused dependencies from pnpm content-addressable store
  - Running `pnpm store prune`

      Removed all cached metadata files
      Removed 0 files
      Removed 0 packages

  - Done (<time_elapsed>)
- Running scripts
  - No build scripts found
- Done (finished in <time_elapsed>)
