---
source: test_support/src/lib.rs
---
## Heroku Node.js Engine

- Checking Node.js version
  - Node.js version not specified, using `22.x`
  - Resolved Node.js version: `22.18.0`
- Installing Node.js distribution
  - GET https://nodejs.org/download/release/v22.18.0/node-v22.18.0-<arch>.tar.gz ... (OK)
  - Downloading ... (<time_elapsed>)
  - Verifying checksum
  - Extracting Node.js `22.18.0 (<arch>)`
  - Installing Node.js `22.18.0 (<arch>)` ... (<time_elapsed>)
- Done (finished in <time_elapsed>)

## Heroku Node.js Yarn

- Detecting yarn CLI version to install
  - Detected yarn engine version range >=2.4.0 <2.5.0-0 in package.json
  - GET https://registry.npmjs.org/@yarnpkg/cli-dist ... (OK)
  - Downloading ... (<time_elapsed>)
  - Resolved yarn CLI version: 2.4.2
- Installing yarn CLI
  - GET https://registry.npmjs.org/@yarnpkg/cli-dist/-/cli-dist-2.4.2.tgz ... (OK)
  - Downloading ... (<time_elapsed>)
  - Extracting yarn 2.4.2
  - Installing yarn 2.4.2
- Yarn CLI operating in yarn 2.4.1 mode.
- Setting up yarn dependency cache
  - Running `yarn config set enableGlobalCache false`

      ➤ YN0000: Successfully set enableGlobalCache to false

  - Done (<time_elapsed>)
  - Running `yarn config set cacheFolder /layers/heroku_nodejs-yarn/deps/cache`

      ➤ YN0000: Successfully set cacheFolder to '/layers/heroku_nodejs-yarn/deps/cache'

  - Done (<time_elapsed>)
- Installing dependencies
  - Running `yarn install --immutable --inline-builds`

      ➤ YN0000: ┌ Resolution step
      ➤ YN0000: └ Completed
      ➤ YN0000: ┌ Fetch step
      ➤ YN0013: │ <LIST OF DOWNLOADED MODULES>
      ➤ YN0000: └ Completed
      ➤ YN0000: ┌ Link step
      ➤ YN0000: └ Completed
      ➤ YN0000: Done in <time_elapsed>

  - Done (<time_elapsed>)
- Running scripts
  - No build scripts found
- Pruning dev dependencies
  - Running `yarn heroku prune`

      ➤ YN0000: ┌ Resolution step
      ➤ YN0000: └ Completed
      ➤ YN0000: ┌ Fetch step
      ➤ YN0000: └ Completed
      ➤ YN0000: ┌ Link step
      ➤ YN0000: └ Completed
      ➤ YN0000: Done in <time_elapsed>

  - Done (<time_elapsed>)
- Done (finished in <time_elapsed>)
