---
source: test_support/src/lib.rs
---
## Heroku Node.js Engine

- Checking Node.js version
  - Detected Node.js version range: `>=18.0.0 <19.0.0-0`
  - Resolved Node.js version: `18.20.8`
- Installing Node.js distribution
  - GET https://nodejs.org/download/release/v18.20.8/node-v18.20.8-<arch>.tar.gz ... (OK)
  - Downloading ... (<time_elapsed>)
  - Verifying checksum
  - Extracting Node.js `18.20.8 (<arch>)`
  - Installing Node.js `18.20.8 (<arch>)` ... (<time_elapsed>)
- Done (finished in <time_elapsed>)

## Heroku Node.js Corepack

- Using Corepack version `0.32.0`
- Found `packageManager` set to `yarn@3.2.4` in `package.json`
- Enabling Corepack
  - Creating Corepack shims
  - Executing `corepack enable --install-directory /layers/heroku_nodejs-corepack/shim/bin yarn`
- Installing `yarn@3.2.4`
  - Creating Corepack package manager
  - Running `corepack prepare`

      Preparing yarn@3.2.4...

  - Done (<time_elapsed>)
- Done (finished in <time_elapsed>)

## Heroku Node.js Yarn

- Yarn CLI operating in yarn 3.2.4 mode.
- Setting up yarn dependency cache
  - Running `yarn config set enableGlobalCache false`

      ➤ YN0000: Successfully set enableGlobalCache to false

  - Done (<time_elapsed>)
  - Yarn zero-install detected. Skipping dependency cache.
- Installing dependencies
  - Running `yarn install --immutable --inline-builds --immutable-cache`

      ➤ YN0000: ┌ Resolution step
      ➤ YN0000: └ Completed
      ➤ YN0000: ┌ Fetch step
      ➤ YN0000: └ Completed
      ➤ YN0000: ┌ Link step
      ➤ YN0000: └ Completed
      ➤ YN0000: Done in <time_elapsed>

  - Done (<time_elapsed>)
- Running scripts
  - No build scripts found
- Pruning dev dependencies
  - Running `yarn heroku prune`

      ➤ YN0000: ┌ Resolution step
      ➤ YN0000: └ Completed
      ➤ YN0000: ┌ Fetch step
      ➤ YN0000: └ Completed
      ➤ YN0000: ┌ Link step
      ➤ YN0000: └ Completed
      ➤ YN0019: dotenv-npm-16.6.1-01334288ea-e8bd63c9a3.zip appears to be unused - removing
      ➤ YN0000: Done in <time_elapsed>

  - Done (<time_elapsed>)
- Done (finished in <time_elapsed>)
