---
source: buildpacks/nodejs-engine/src/errors.rs
---
- Debug Info:
  - Disk full

! Failed to create temporary download file
!
! The Heroku Node.js Engine buildpack downloads the target Node.js distribution to a temporary file before installation but an unexpected error occurred.
!
! Use the debug information above to troubleshoot and retry your build.
