---
source: crates/test_support/src/lib.rs
---
===> ANALYZING
Image with name "<image-name>" not found
===> DETECTING
heroku/nodejs <buildpack-version>
===> RESTORING
<restoring-output>
===> BUILDING

## Heroku Node.js

- Checking Node.js version
  - Detected Node.js version range: `18.x`
  - Resolved Node.js version: `18.20.8`

! Node.js 18.x reached end-of-life on April 30, 2025 and is no longer supported on Heroku. EOL versions no longer receive security updates or bug fixes from the Node.js project.
!
! In a future buildpack release, this warning will become a build error. Please upgrade to a supported version as soon as possible to avoid build failures.
!
! Supported versions: 20.x (LTS), 22.x (LTS), 24.x (LTS), 25.x (Current)
!
! https://devcenter.heroku.com/articles/nodejs-support#supported-node-js-versions

- Installing Node.js distribution
  - GET https://nodejs.org/download/release/v18.20.8/node-v18.20.8-<arch>.tar.gz ... (<time_elapsed>)
  - Validating ... (<time_elapsed>)
  - Extracting ... (<time_elapsed>)
  - Verifying checksum
  - Extracting Node.js `18.20.8 (<arch>)`
  - Installing Node.js `18.20.8 (<arch>)` ... (<time_elapsed>)
- Done (finished in <time_elapsed>)
===> EXPORTING
Adding layer 'heroku/nodejs:available_parallelism'
Adding layer 'heroku/nodejs:dist'
Adding layer 'heroku/nodejs:web_env'
Adding layer 'heroku/nodejs:z_node_module_bins'
Adding layer 'buildpacksio/lifecycle:launch.sbom'
Added 1/1 app layer(s)
Adding layer 'buildpacksio/lifecycle:launcher'
Adding layer 'buildpacksio/lifecycle:config'
Adding layer 'buildpacksio/lifecycle:process-types'
Adding label 'io.buildpacks.lifecycle.metadata'
Adding label 'io.buildpacks.build.metadata'
Adding label 'io.buildpacks.project.metadata'
Adding label 'io.buildpacks.exec-env'
Setting default process type 'web'
Saving <image-name>...
*** Images (<random-hex>):
      <image-name>
Adding cache layer 'heroku/nodejs:dist'
Successfully built image '<image-name>'
