---
source: crates/test_support/src/lib.rs
---
===> ANALYZING
Image with name "<image-name>" not found
===> DETECTING
heroku/nodejs <buildpack-version>
===> RESTORING
<restoring-output>
===> BUILDING

## Heroku Node.js

- Checking Node.js version
  - Detected Node.js version range: `19.x`
  - Resolved Node.js version: `19.9.0`

! Node.js `19.9.0` is now End-of-Life (EOL). It no longer receives security updates, bug fixes, or support from the Node.js project and is no longer supported on Heroku.
!
! In a future buildpack release, this warning will become a build error. Please upgrade to a supported version as soon as possible to avoid build failures.
!
! https://devcenter.heroku.com/articles/nodejs-support#supported-node-js-versions

- Installing Node.js distribution
  - GET https://nodejs.org/download/release/v19.9.0/node-v19.9.0-<arch>.tar.gz ... (<time_elapsed>)
  - Validating ... (<time_elapsed>)
  - Extracting ... (<time_elapsed>)
  - Verifying checksum
  - Extracting Node.js `19.9.0 (<arch>)`
  - Installing Node.js `19.9.0 (<arch>)` ... (<time_elapsed>)
- Determining npm package information
  - No npm version requested
  - Using bundled npm version `9.6.3`

! npm `9.6.3` is no longer supported on Heroku. The npm maintainers only make regular releases to the most recent major release-line and recommend using the latest version of npm.
!
! Please upgrade to npm `9.6.4` or later to avoid build failures in a future buildpack release.
!
! https://devcenter.heroku.com/articles/nodejs-support#npm-version-policy

- Done (finished in <time_elapsed>)
===> EXPORTING
Adding layer 'heroku/nodejs:available_parallelism'
Adding layer 'heroku/nodejs:dist'
Adding layer 'heroku/nodejs:web_env'
Adding layer 'heroku/nodejs:z_node_module_bins'
Adding layer 'buildpacksio/lifecycle:launch.sbom'
Added 1/1 app layer(s)
Adding layer 'buildpacksio/lifecycle:launcher'
Adding layer 'buildpacksio/lifecycle:config'
Adding layer 'buildpacksio/lifecycle:process-types'
Adding label 'io.buildpacks.lifecycle.metadata'
Adding label 'io.buildpacks.build.metadata'
Adding label 'io.buildpacks.project.metadata'
Adding label 'io.buildpacks.exec-env'
Setting default process type 'web'
Saving <image-name>...
*** Images (<random-hex>):
      <image-name>
Adding cache layer 'heroku/nodejs:dist'
Successfully built image '<image-name>'
