---
source: crates/test_support/src/lib.rs
---
Warning: Exporting to docker daemon (building without --publish) and daemon uses containerd storage; performance may be significantly degraded.
For more information, see https://github.com/buildpacks/pack/issues/2272.
===> ANALYZING
Image with name "<image-name>" not found
===> DETECTING
heroku/nodejs <buildpack-version>
===> RESTORING
<restoring-output>
===> BUILDING

## Heroku Node.js

- Checking Node.js version
  - Detected Node.js version range: `22.x`
  - Resolved Node.js version: `22.22.0`
- Installing Node.js distribution
  - GET https://nodejs.org/download/release/v22.22.0/node-v22.22.0-<arch>.tar.gz ... (<time_elapsed>)
  - Validating ... (<time_elapsed>)
  - Extracting ... (<time_elapsed>)
  - Verifying checksum
  - Extracting Node.js `22.22.0 (<arch>)`
  - Installing Node.js `22.22.0 (<arch>)` ... (<time_elapsed>)
- Determining pnpm package information
  - Found `packageManager` set to `pnpm@8.4.0` in `package.json`
  - GET https://registry.npmjs.org/pnpm ... (<time_elapsed>)
  - Resolved pnpm version `8.4.0` to `8.4.0`
- Installing pnpm
  - GET https://registry.npmjs.org/pnpm/-/pnpm-8.4.0.tgz ... (<time_elapsed>)
  - Extracting ... (<time_elapsed>)
  - Successfully installed `pnpm@8.4.0`
- Setting up pnpm dependency store
  - Creating new pnpm content-addressable store
  - Creating pnpm virtual store
- Installing dependencies
  - Running `pnpm install --frozen-lockfile`

      Lockfile is up to date, resolution step is skipped
      Packages: +2
      ++
      Packages are hard linked from the content-addressable store to the virtual store.
        Content-addressable store is at: /layers/heroku_nodejs/addressable/v3
        Virtual store is at:             ../layers/heroku_nodejs/virtual/store

      dependencies:
      + debug 4.3.4

      Done in <time_elapsed>

  - Done (<time_elapsed>)
- Pruning unused dependencies from pnpm content-addressable store
  - Running `pnpm store prune`

      Removed all cached metadata files
      Removed 0 files
      Removed 0 packages

  - Done (<time_elapsed>)
- Running scripts
  - No build scripts found
- Pruning dev dependencies
  - Running `pnpm prune --prod`

      Lockfile is up to date, resolution step is skipped
      Already up to date

      devDependencies: skipped

  - Done (<time_elapsed>)
- Done (finished in <time_elapsed>)
===> EXPORTING
Adding layer 'heroku/nodejs:available_parallelism'
Adding layer 'heroku/nodejs:dist'
Adding layer 'heroku/nodejs:pnpm'
<add_or_reusing> layer 'heroku/nodejs:virtual'
Adding layer 'heroku/nodejs:web_env'
Adding layer 'heroku/nodejs:z_node_module_bins'
Adding layer 'buildpacksio/lifecycle:launch.sbom'
Added 1/1 app layer(s)
Adding layer 'buildpacksio/lifecycle:launcher'
Adding layer 'buildpacksio/lifecycle:config'
Adding label 'io.buildpacks.lifecycle.metadata'
Adding label 'io.buildpacks.build.metadata'
Adding label 'io.buildpacks.project.metadata'
no default process type
Saving <image-name>...
*** Images (<random-hex>):
      <image-name>
Adding cache layer 'heroku/nodejs:addressable'
Adding cache layer 'heroku/nodejs:dist'
Adding cache layer 'heroku/nodejs:pnpm'
Adding cache layer 'heroku/nodejs:pnpm_packument'
Successfully built image '<image-name>'
