---
source: crates/test_support/src/lib.rs
---
===> ANALYZING
Image with name "<image-name>" not found
===> DETECTING
heroku/nodejs <buildpack-version>
===> RESTORING
<restoring-output>
===> BUILDING

## Heroku Node.js

- Checking Node.js version
  - Node.js version not specified, using `24.x`
  - Resolved Node.js version: `24.13.1`
- Installing Node.js distribution
  - GET https://nodejs.org/download/release/v24.13.1/node-v24.13.1-<arch>.tar.gz ... (<time_elapsed>)
  - Validating ... (<time_elapsed>)
  - Extracting ... (<time_elapsed>)
  - Verifying checksum
  - Extracting Node.js `24.13.1 (<arch>)`
  - Installing Node.js `24.13.1 (<arch>)` ... (<time_elapsed>)
- Determining Yarn information
  - Found `packageManager` set to `yarn@4.2.2` in `package.json`
  - GET https://registry.npmjs.org/@yarnpkg/cli-dist ... (<time_elapsed>)
  - Resolved yarn version `4.2.2` to `4.2.2`
- Installing Yarn
  - GET https://registry.npmjs.org/@yarnpkg/cli-dist/-/cli-dist-4.2.2.tgz ... (<time_elapsed>)
  - Extracting ... (<time_elapsed>)
  - Successfully installed `yarn@4.2.2`
- Setting up yarn dependency cache
  - Running `yarn config set enableGlobalCache false`

      ➤ YN0000: Successfully set enableGlobalCache to false

  - Done (<time_elapsed>)
  - Running `yarn config set cacheFolder /layers/heroku_nodejs/yarn_cache`

      ➤ YN0000: Successfully set cacheFolder to '/layers/heroku_nodejs/yarn_cache'

  - Done (<time_elapsed>)
- Installing dependencies
  - Running `yarn install --immutable --inline-builds`

      ➤ YN0000: · Yarn 4.2.2
      ➤ YN0000: ┌ Resolution step
      ➤ YN0000: └ Completed
      ➤ YN0000: ┌ Fetch step
      ➤ YN0013: │ <LIST OF DOWNLOADED MODULES>
      ➤ YN0000: └ Completed
      ➤ YN0000: ┌ Link step
      ➤ YN0000: │ ESM support for PnP uses the experimental loader API and is therefore experimental
      ➤ YN0007: │ dtrace-provider@npm:0.8.8 must be built because it never has been before or the last one failed
      ➤ YN0000: │ <NODE-GYP BUILD OUTPUT> 
      ➤ YN0000: └ Completed
      ➤ YN0000: · Done with warnings in <time_elapsed>

  - Done (<time_elapsed>)
- Running scripts
  - No build scripts found
- Pruning dev dependencies
  - Running `yarn heroku prune`

      ➤ YN0000: ┌ Resolution step
      ➤ YN0000: └ Completed
      ➤ YN0000: ┌ Fetch step
      ➤ YN0000: └ Completed
      ➤ YN0000: ┌ Link step
      ➤ YN0000: │ ESM support for PnP uses the experimental loader API and is therefore experimental
      ➤ YN0000: └ Completed
      ➤ YN0000: Done with warnings in <time_elapsed>

  - Done (<time_elapsed>)
- Done (finished in <time_elapsed>)
===> EXPORTING
Adding layer 'heroku/nodejs:available_parallelism'
Adding layer 'heroku/nodejs:dist'
Adding layer 'heroku/nodejs:web_env'
Adding layer 'heroku/nodejs:yarn'
Adding layer 'heroku/nodejs:yarn_cache'
Adding layer 'heroku/nodejs:z_node_module_bins'
Adding layer 'buildpacksio/lifecycle:launch.sbom'
Added 1/1 app layer(s)
Adding layer 'buildpacksio/lifecycle:launcher'
Adding layer 'buildpacksio/lifecycle:config'
Adding label 'io.buildpacks.lifecycle.metadata'
Adding label 'io.buildpacks.build.metadata'
Adding label 'io.buildpacks.project.metadata'
no default process type
Saving <image-name>...
*** Images (<random-hex>):
      <image-name>
Adding cache layer 'heroku/nodejs:dist'
Adding cache layer 'heroku/nodejs:yarn'
Adding cache layer 'heroku/nodejs:yarn_cache'
Adding cache layer 'heroku/nodejs:yarnpkg_cli-dist_packument'
Successfully built image '<image-name>'

--------------------------------------------- REBUILD ---------------------------------------------
===> ANALYZING
Restoring data for SBOM from previous image
===> DETECTING
heroku/nodejs <buildpack-version>
===> RESTORING
<restoring-output>
===> BUILDING

## Heroku Node.js

- Checking Node.js version
  - Node.js version not specified, using `24.x`
  - Resolved Node.js version: `24.13.1`
- Installing Node.js distribution
  - Reusing Node.js 24.13.1 (<arch>)
- Determining Yarn information
  - Found `packageManager` set to `yarn@4.2.2` in `package.json`
  - GET https://registry.npmjs.org/@yarnpkg/cli-dist ... (Not Modified)
  - Using cached packument for @yarnpkg/cli-dist
  - Resolved yarn version `4.2.2` to `4.2.2`
- Installing Yarn
  - Using cached version of @yarnpkg/cli-dist
  - Successfully installed `yarn@4.2.2`
- Setting up yarn dependency cache
  - Running `yarn config set enableGlobalCache false`

      ➤ YN0000: Successfully set enableGlobalCache to false

  - Done (<time_elapsed>)
  - Restoring yarn dependency cache
  - Running `yarn config set cacheFolder /layers/heroku_nodejs/yarn_cache`

      ➤ YN0000: Successfully set cacheFolder to '/layers/heroku_nodejs/yarn_cache'

  - Done (<time_elapsed>)
- Installing dependencies
  - Running `yarn install --immutable --inline-builds`

      ➤ YN0000: · Yarn 4.2.2
      ➤ YN0000: ┌ Resolution step
      ➤ YN0000: └ Completed
      ➤ YN0000: ┌ Fetch step
      ➤ YN0000: └ Completed
      ➤ YN0000: ┌ Link step
      ➤ YN0000: │ ESM support for PnP uses the experimental loader API and is therefore experimental
      ➤ YN0007: │ dtrace-provider@npm:0.8.8 must be built because it never has been before or the last one failed
      ➤ YN0000: │ <NODE-GYP BUILD OUTPUT> 
      ➤ YN0000: └ Completed
      ➤ YN0000: · Done with warnings in <time_elapsed>

  - Done (<time_elapsed>)
- Running scripts
  - No build scripts found
- Pruning dev dependencies
  - Running `yarn heroku prune`

      ➤ YN0000: ┌ Resolution step
      ➤ YN0000: └ Completed
      ➤ YN0000: ┌ Fetch step
      ➤ YN0000: └ Completed
      ➤ YN0000: ┌ Link step
      ➤ YN0000: │ ESM support for PnP uses the experimental loader API and is therefore experimental
      ➤ YN0000: └ Completed
      ➤ YN0000: Done with warnings in <time_elapsed>

  - Done (<time_elapsed>)
- Done (finished in <time_elapsed>)
===> EXPORTING
Reusing layer 'heroku/nodejs:available_parallelism'
Reusing layer 'heroku/nodejs:dist'
Reusing layer 'heroku/nodejs:web_env'
Reusing layer 'heroku/nodejs:yarn'
Reusing layer 'heroku/nodejs:yarn_cache'
Reusing layer 'heroku/nodejs:z_node_module_bins'
Reusing layer 'buildpacksio/lifecycle:launch.sbom'
Added 1/1 app layer(s)
Reusing layer 'buildpacksio/lifecycle:launcher'
Reusing layer 'buildpacksio/lifecycle:config'
Adding label 'io.buildpacks.lifecycle.metadata'
Adding label 'io.buildpacks.build.metadata'
Adding label 'io.buildpacks.project.metadata'
no default process type
Saving <image-name>...
*** Images (<random-hex>):
      <image-name>
Reusing cache layer 'heroku/nodejs:dist'
Adding cache layer 'heroku/nodejs:dist'
Reusing cache layer 'heroku/nodejs:yarn'
Adding cache layer 'heroku/nodejs:yarn'
Reusing cache layer 'heroku/nodejs:yarn_cache'
Adding cache layer 'heroku/nodejs:yarn_cache'
Reusing cache layer 'heroku/nodejs:yarnpkg_cli-dist_packument'
Adding cache layer 'heroku/nodejs:yarnpkg_cli-dist_packument'
Successfully built image '<image-name>'
