---
source: crates/test_support/src/lib.rs
---
Warning: Exporting to docker daemon (building without --publish) and daemon uses containerd storage; performance may be significantly degraded.
For more information, see https://github.com/buildpacks/pack/issues/2272.
===> ANALYZING
Image with name "<image-name>" not found
===> DETECTING
heroku/nodejs <buildpack-version>
===> RESTORING
<restoring-output>
===> BUILDING

## Heroku Node.js

- Checking Node.js version
  - Detected Node.js version range: `18.x`
  - Resolved Node.js version: `18.20.8`
- Installing Node.js distribution
  - GET https://nodejs.org/download/release/v18.20.8/node-v18.20.8-<arch>.tar.gz ... (<time_elapsed>)
  - Validating ... (<time_elapsed>)
  - Extracting ... (<time_elapsed>)
  - Verifying checksum
  - Extracting Node.js `18.20.8 (<arch>)`
  - Installing Node.js `18.20.8 (<arch>)` ... (<time_elapsed>)
- Determining Yarn information
  - Found `yarnPath` set to `.yarn/releases/yarn-4.0.0.cjs` in `.yarnrc.yml`
  - Using vendored yarn at `.yarn/releases/yarn-4.0.0.cjs`
- Configuring vendored Yarn
  - Linking `yarn` to vendored `yarnPath`
  - Successfully configured `yarn@4.0.0`
- Setting up yarn dependency cache
  - Running `yarn config set enableGlobalCache false`

      ➤ YN0000: Successfully set enableGlobalCache to false

  - Done (<time_elapsed>)
  - Yarn zero-install detected. Skipping dependency cache.
- Installing dependencies
  - Running `yarn install --immutable --inline-builds --immutable-cache`

      ➤ YN0000: · Yarn 4.0.0
      ➤ YN0000: ┌ Resolution step
      ➤ YN0000: └ Completed
      ➤ YN0000: ┌ Fetch step
      ➤ YN0000: └ Completed
      ➤ YN0000: ┌ Link step
      ➤ YN0000: └ Completed
      ➤ YN0000: · Done in <time_elapsed>

  - Done (<time_elapsed>)
- Running scripts
  - No build scripts found
- Pruning dev dependencies
  - Running `yarn heroku prune`

      ➤ YN0000: ┌ Resolution step
      ➤ YN0085: │ - dotenv@npm:16.6.1
      ➤ YN0000: └ Completed
      ➤ YN0000: ┌ Fetch step
      ➤ YN0000: └ Completed
      ➤ YN0000: ┌ Link step
      ➤ YN0000: └ Completed
      ➤ YN0000: Done in <time_elapsed>

  - Done (<time_elapsed>)
- Done (finished in <time_elapsed>)
===> EXPORTING
Adding layer 'heroku/nodejs:available_parallelism'
Adding layer 'heroku/nodejs:dist'
Adding layer 'heroku/nodejs:web_env'
Adding layer 'heroku/nodejs:yarn_vendored'
Adding layer 'heroku/nodejs:z_node_module_bins'
Adding layer 'buildpacksio/lifecycle:launch.sbom'
Added 1/1 app layer(s)
Adding layer 'buildpacksio/lifecycle:launcher'
Adding layer 'buildpacksio/lifecycle:config'
Adding layer 'buildpacksio/lifecycle:process-types'
Adding label 'io.buildpacks.lifecycle.metadata'
Adding label 'io.buildpacks.build.metadata'
Adding label 'io.buildpacks.project.metadata'
Setting default process type 'web'
Saving <image-name>...
*** Images (<random-hex>):
      <image-name>
Adding cache layer 'heroku/nodejs:dist'
Successfully built image '<image-name>'
