---
source: test_support/src/lib.rs
---
## Heroku Node.js Engine

- Checking Node.js version
  - Node.js version not specified, using `22.x`
  - Resolved Node.js version: `22.17.0`
- Installing Node.js distribution
  - GET https://nodejs.org/download/release/v22.17.0/node-v22.17.0-<arch>.tar.gz ... (OK)
  - Downloading ... (<time_elapsed>)
  - Verifying checksum
  - Extracting Node.js `22.17.0 (<arch>)`
  - Installing Node.js `22.17.0 (<arch>)` ... (<time_elapsed>)
- Done (finished in <time_elapsed>)

## Heroku Node.js Corepack

- Using Corepack version `0.33.0`
- Found `packageManager` set to `npm@10.2.0` in `package.json`
- Enabling Corepack
  - Creating Corepack shims
  - Executing `corepack enable --install-directory /layers/heroku_nodejs-corepack/shim/bin npm`
- Installing `npm@10.2.0`
  - Creating Corepack package manager
  - Running `corepack prepare`

      Preparing npm@10.2.0...

  - Done (<time_elapsed>)
- Done (finished in <time_elapsed>)

## Heroku Node.js npm Install

- Installing node modules
  - Using npm version `10.2.0`
  - Creating npm cache
  - Configuring npm cache directory
  - Running `npm ci`


      added <NUMBER> packages, and audited <NUMBER> packages in <time_elapsed>

      found 0 vulnerabilities

  - Done (<time_elapsed>)
- Running scripts
  - No build scripts found
- Pruning dev dependencies
  - Running `npm prune`


      up to date, audited <N> packages in <time_elapsed>

      found 0 vulnerabilities

  - Done (<time_elapsed>)
- Configuring default processes
  - Skipping default web process (no start script defined)
- Done (finished in <time_elapsed>)
