---
source: test_support/src/lib.rs
---
===> ANALYZING
Image with name "libcnbtest_hrbtokrcuwbp" not found
===> DETECTING
heroku/nodejs-engine   4.1.1
heroku/nodejs-corepack 4.1.1
heroku/nodejs-yarn     4.1.1
===> RESTORING
===> BUILDING

## Heroku Node.js Engine

- Checking Node.js version
  - Node.js version not specified, using `22.x`
  - Resolved Node.js version: `22.18.0`
- Installing Node.js distribution
  - GET https://nodejs.org/download/release/v22.18.0/node-v22.18.0-<arch>.tar.gz ... (OK)
  - Downloading ... (<time_elapsed>)
  - Verifying checksum
  - Extracting Node.js `22.18.0 (<arch>)`
  - Installing Node.js `22.18.0 (<arch>)` ... (<time_elapsed>)
- Done (finished in <time_elapsed>)

## Heroku Node.js Corepack

- Using Corepack version `0.33.0`
- Found `packageManager` set to `yarn@3.2.0` in `package.json`
- Enabling Corepack
  - Creating Corepack shims
  - Executing `corepack enable --install-directory /layers/heroku_nodejs-corepack/shim/bin yarn`
- Installing `yarn@3.2.0`
  - Creating Corepack package manager
  - Running `corepack prepare`

      Preparing yarn@3.2.0...

  - Done (<time_elapsed>)
- Done (finished in <time_elapsed>)

## Heroku Node.js Yarn

- Yarn CLI operating in yarn 3.2.0 mode.
- Setting up yarn dependency cache
  - Running `yarn config set enableGlobalCache false`

      ➤ YN0000: Successfully set enableGlobalCache to false

  - Done (<time_elapsed>)
  - Running `yarn config set cacheFolder /layers/heroku_nodejs-yarn/deps/cache`

      ➤ YN0000: Successfully set cacheFolder to '/layers/heroku_nodejs-yarn/deps/cache'

  - Done (<time_elapsed>)
- Installing dependencies
  - Running `yarn install --immutable --inline-builds`

      ➤ YN0000: ┌ Resolution step
      ➤ YN0000: └ Completed
      ➤ YN0000: ┌ Fetch step
      ➤ YN0013: │ <LIST OF DOWNLOADED MODULES>
      ➤ YN0000: └ Completed
      ➤ YN0000: ┌ Link step
      ➤ YN0000: └ Completed
      ➤ YN0000: Done in <time_elapsed>

  - Done (<time_elapsed>)
- Running scripts
  - No build scripts found
- Pruning dev dependencies
  - Running `yarn heroku prune`

      ➤ YN0000: ┌ Resolution step
      ➤ YN0000: └ Completed
      ➤ YN0000: ┌ Fetch step
      ➤ YN0000: └ Completed
      ➤ YN0000: ┌ Link step
      ➤ YN0000: └ Completed
      ➤ YN0000: Done in <time_elapsed>

  - Done (<time_elapsed>)
- Done (finished in <time_elapsed>)
===> EXPORTING
Adding layer 'heroku/nodejs-engine:available_parallelism'
Adding layer 'heroku/nodejs-engine:dist'
Adding layer 'heroku/nodejs-engine:web_env'
Adding layer 'heroku/nodejs-corepack:mgr'
Adding layer 'heroku/nodejs-corepack:shim'
Adding layer 'heroku/nodejs-yarn:deps'
Adding layer 'buildpacksio/lifecycle:launch.sbom'
Added 1/1 app layer(s)
Adding layer 'buildpacksio/lifecycle:launcher'
Adding layer 'buildpacksio/lifecycle:config'
Adding label 'io.buildpacks.lifecycle.metadata'
Adding label 'io.buildpacks.build.metadata'
Adding label 'io.buildpacks.project.metadata'
no default process type
Saving libcnbtest_hrbtokrcuwbp...
*** Images (96cb08d8c365):
      libcnbtest_hrbtokrcuwbp
Adding cache layer 'heroku/nodejs-engine:dist'
Adding cache layer 'heroku/nodejs-corepack:mgr'
Adding cache layer 'heroku/nodejs-corepack:shim'
Adding cache layer 'heroku/nodejs-yarn:deps'
Successfully built image 'libcnbtest_hrbtokrcuwbp'
