---
source: test_support/src/lib.rs
---
===> ANALYZING
Image with name "<image-name>" not found
===> DETECTING
heroku/nodejs-engine       4.1.1
heroku/nodejs-corepack     4.1.1
heroku/nodejs-pnpm-install 4.1.1
===> RESTORING
<restoring-output>
===> BUILDING

## Heroku Node.js Engine

- Checking Node.js version
  - Node.js version not specified, using `22.x`
  - Resolved Node.js version: `22.18.0`
- Installing Node.js distribution
  - GET https://nodejs.org/download/release/v22.18.0/node-v22.18.0-<arch>.tar.gz ... (OK)
  - Downloading ... (<time_elapsed>)
  - Verifying checksum
  - Extracting Node.js `22.18.0 (<arch>)`
  - Installing Node.js `22.18.0 (<arch>)` ... (<time_elapsed>)
- Done (finished in <time_elapsed>)

## Heroku Node.js Corepack

- Using Corepack version `0.33.0`
- Found `packageManager` set to `pnpm@8.4.0` in `package.json`
- Enabling Corepack
  - Creating Corepack shims
  - Executing `corepack enable --install-directory /layers/heroku_nodejs-corepack/shim/bin pnpm`
- Installing `pnpm@8.4.0`
  - Creating Corepack package manager
  - Running `corepack prepare`

      Preparing pnpm@8.4.0...

  - Done (<time_elapsed>)
- Done (finished in <time_elapsed>)

## Heroku Node.js pnpm Install

- Setting up pnpm dependency store
  - Creating new pnpm content-addressable store
  - Creating pnpm virtual store
- Installing dependencies
  - Running `pnpm install --frozen-lockfile`

      Lockfile is up to date, resolution step is skipped
      Packages: +2
      ++
      Packages are hard linked from the content-addressable store to the virtual store.
        Content-addressable store is at: /layers/heroku_nodejs-pnpm-install/addressable/v3
        Virtual store is at:             ../layers/heroku_nodejs-pnpm-install/virtual/store

      dependencies:
      + debug 4.3.4

      Done in <time_elapsed>

  - Done (<time_elapsed>)
- Pruning unused dependencies from pnpm content-addressable store
  - Running `pnpm store prune`

      Removed all cached metadata files
      Removed 0 files
      Removed 0 packages

  - Done (<time_elapsed>)
- Running scripts
  - No build scripts found
- Pruning dev dependencies
  - Running `pnpm prune --prod`

      Lockfile is up to date, resolution step is skipped
      Already up to date

      devDependencies: skipped

  - Done (<time_elapsed>)
- Done (finished in <time_elapsed>)
===> EXPORTING
Adding layer 'heroku/nodejs-engine:available_parallelism'
Adding layer 'heroku/nodejs-engine:dist'
Adding layer 'heroku/nodejs-engine:web_env'
Adding layer 'heroku/nodejs-corepack:mgr'
Adding layer 'heroku/nodejs-corepack:shim'
Adding layer 'heroku/nodejs-pnpm-install:virtual'
Adding layer 'buildpacksio/lifecycle:launch.sbom'
Added 1/1 app layer(s)
Adding layer 'buildpacksio/lifecycle:launcher'
Adding layer 'buildpacksio/lifecycle:config'
Adding label 'io.buildpacks.lifecycle.metadata'
Adding label 'io.buildpacks.build.metadata'
Adding label 'io.buildpacks.project.metadata'
no default process type
Saving <image-name>...
*** Images (<random-hex>):
      <image-name>
Adding cache layer 'heroku/nodejs-engine:dist'
Adding cache layer 'heroku/nodejs-corepack:mgr'
Adding cache layer 'heroku/nodejs-corepack:shim'
Adding cache layer 'heroku/nodejs-pnpm-install:addressable'
Successfully built image '<image-name>'
