---
source: src/support_status.rs
---
npm `8.19.4` is no longer supported on Heroku. The npm maintainers only make regular releases to the most recent major release-line and recommend using the latest version of npm.

Please upgrade to npm `9.6.4` or later to avoid build failures in a future buildpack release.

https://devcenter.heroku.com/articles/nodejs-support#npm-version-policy
